  done d1 baseline vs baseline (7s)
  done d1 baseline vs mechanistic (15s)
  done d1 baseline vs structural (23s)
  done d1 baseline vs flexible (32s)
  done d1 mechanistic vs mechanistic (41s)
  done d1 mechanistic vs structural (49s)
  done d1 mechanistic vs flexible (61s)
  done d1 structural vs structural (68s)
  done d1 structural vs flexible (77s)
  done d1 flexible vs flexible (91s)
  done d3 baseline vs baseline (102s)
  done d3 baseline vs mechanistic (113s)
  done d3 baseline vs structural (125s)
  done d3 baseline vs flexible (138s)
  done d3 mechanistic vs mechanistic (149s)
  done d3 mechanistic vs structural (160s)
  done d3 mechanistic vs flexible (172s)
  done d3 structural vs structural (183s)
  done d3 structural vs flexible (195s)
  done d3 flexible vs flexible (209s)
  done d5 baseline vs baseline (222s)
  done d5 baseline vs mechanistic (235s)
  done d5 baseline vs structural (248s)
  done d5 baseline vs flexible (263s)
  done d5 mechanistic vs mechanistic (276s)
  done d5 mechanistic vs structural (290s)
  done d5 mechanistic vs flexible (304s)
  done d5 structural vs structural (317s)
  done d5 structural vs flexible (332s)
  done d5 flexible vs flexible (347s)

12000 pairs -> benchmarks/data/crossplay_deterministic.json
DETDONE
